[2025-11-24T11:25:58.185] [DEBUG] default - Starting service management API...
[2025-11-24T11:25:58.188] [DEBUG] default - Initializing middleware...
[2025-11-24T11:25:58.459] [DEBUG] default - GraphQL Apollo Server initialized
[2025-11-24T11:25:58.461] [DEBUG] default - Security middleware initialized (Helmet, CORS, Rate Limiting)
[2025-11-24T11:25:58.464] [DEBUG] default - Server startup complete
[2025-11-24T11:54:00.296] [DEBUG] default - Starting service management API...
[2025-11-24T11:54:00.298] [DEBUG] default - Initializing middleware...
[2025-11-24T11:54:00.339] [DEBUG] default - GraphQL Apollo Server initialized
[2025-11-24T11:54:00.341] [DEBUG] default - Security middleware initialized (Helmet, CORS, Rate Limiting)
[2025-11-24T11:54:00.343] [DEBUG] default - Server startup complete
[2025-11-24T12:31:08.361] [DEBUG] default - Starting service management API...
[2025-11-24T12:31:08.368] [DEBUG] default - Initializing middleware...
[2025-11-24T12:31:08.680] [DEBUG] default - GraphQL Apollo Server initialized
[2025-11-24T12:31:08.682] [DEBUG] default - Security middleware initialized (Helmet, CORS, Rate Limiting)
[2025-11-24T12:31:08.685] [DEBUG] default - Server startup complete
[2025-11-24T12:51:59.451] [DEBUG] default - Starting service management API...
[2025-11-24T12:51:59.455] [DEBUG] default - Initializing middleware...
[2025-11-24T12:51:59.740] [DEBUG] default - GraphQL Apollo Server initialized
[2025-11-24T12:51:59.742] [DEBUG] default - Security middleware initialized (Helmet, CORS, Rate Limiting)
[2025-11-24T12:51:59.744] [DEBUG] default - Server startup complete
[2025-11-24T14:37:32.779] [DEBUG] default - Starting service management API...
[2025-11-24T14:37:32.785] [DEBUG] default - Initializing middleware...
[2025-11-24T14:37:33.097] [DEBUG] default - GraphQL Apollo Server initialized
[2025-11-24T14:37:33.099] [DEBUG] default - Security middleware initialized (Helmet, CORS, Rate Limiting)
[2025-11-24T14:37:33.101] [DEBUG] default - Server startup complete
